[safe-gate] sched_ext=YES kernel=6.19.0-rc7-g9854922412d3-dirty
[safe-gate] swap=YES
[safe-gate] mem_avail=7034MB (>=4096MB)
[safe-gate] load_1m=1.26 (<3.0)
[safe-gate] no_build_jobs=OK
FLOOD_SAFE_GATE_PASS host=##### avail_mb=7034 load=1.26
PM2_WRAP before rt-guard-flood
PM2_GUARD_SKIP_RESTART[before-rt-guard-flood] rider-tracker-api (excluded from restart_time check)
PM2_GUARD_OK[before-rt-guard-flood] apps=6
PM2_GUARD_SKIP_RESTART rider-tracker-api base=0 cur=0
PM2_GUARD_OK
PM2_WRAP_OK before rt-guard-flood
[NEG] enq_last_no_enq_fails — must reject broken scheduler
ok 1 create_dsq # 
TEST: enq_last_no_enq_fails
ok 2 enq_last_no_enq_fails # 
ok 3 ddsp_bogus_dsq_fail # 
ok 4 ddsp_vtimelocal_fail # 
ok 5 dsp_local_on # 
ok 6 enq_select_cpu # 
ok 7 exit # 
ok 8 hotplug # 
ok 9 init_enable_count # 
ok 10 maximal # 
ok 11 maybe_null # 
ok 12 minimal # 
ok 13 numa # 
ok 14 allowed_cpus # 
ok 15 peek_dsq # 
ok 16 prog_run # 
ok 17 reload_loop # 
ok 18 select_cpu_dfl # 
ok 19 select_cpu_dfl_nodispatch # 
ok 20 select_cpu_dispatch # 
ok 21 select_cpu_dispatch_bad_dsq # 
ok 22 select_cpu_dispatch_dbl_dsp # 
ok 23 select_cpu_vtime # 
ok 1 PASS: FAIR task got more than 4.00% of runtime
ok 2 PASS: EXT task got more than 4.00% of runtime
ok 3 PASS: FAIR task got more than 4.00% of runtime
ok 4 PASS: EXT task got more than 4.00% of runtime
ok 24 rt_stall # 
ok 1 60s soak with RT+EXT on CPU 1 — no watchdog exit
ok 25 rt_guard_stress # 
ok 26 example # 
ok 27 total_bw # 
PASSED:  27
FAILED:  0
NEG_PASS broken scheduler rejected or exited
NEG_SAFE_MODE=skip minimal (isolated enq_last only)
NEGATIVE_CONTROL_PASS fail=0
<stdin>:11: DeprecationWarning: datetime.datetime.utcnow() is deprecated and scheduled for removal in a future version. Use timezone-aware objects to represent datetimes in UTC: datetime.datetime.now(datetime.UTC).
CHECKPOINT P2=PASS
PM2_WRAP after rt-guard-flood
PM2_GUARD_SKIP_RESTART[after-rt-guard-flood] rider-tracker-api (excluded from restart_time check)
PM2_GUARD_OK[after-rt-guard-flood] apps=6
PM2_GUARD_SKIP_RESTART rider-tracker-api base=0 cur=0
PM2_GUARD_OK
PM2_WRAP_OK after rt-guard-flood
ssh_ok phase=P2 out=/opt/elite/src/scripts/oneclick/results/rt-guard-flood-safe-20260901-094409
