[safe-gate] sched_ext=YES kernel=6.19.0-rc7-g9854922412d3-dirty
[safe-gate] swap=YES
[safe-gate] mem_avail=7028MB (>=2048MB)
[safe-gate] load_1m=4.26 (<4.5)
[safe-gate] no_build_jobs=OK
FLOOD_SAFE_GATE_PASS host=##### avail_mb=7028 load=4.26
PM2_WRAP before rt-guard-flood
PM2_GUARD_SKIP_RESTART[before-rt-guard-flood] rider-tracker-api (excluded from restart_time check)
PM2_GUARD_OK[before-rt-guard-flood] apps=6
PM2_GUARD_SKIP_RESTART rider-tracker-api base=0 cur=0
PM2_GUARD_OK
PM2_WRAP_OK before rt-guard-flood
P5 layer3 from P3 kselftest (lite — skip duplicate 60s soak)
P5 lite mode — skip per-scheduler ftrace soaks (repro covered by P1/P3/tier1)
PM2_WRAP after rt-guard-flood
PM2_GUARD_SKIP_RESTART[after-rt-guard-flood] rider-tracker-api (excluded from restart_time check)
PM2_GUARD_OK[after-rt-guard-flood] apps=6
PM2_GUARD_SKIP_RESTART rider-tracker-api base=0 cur=0
PM2_GUARD_OK
PM2_WRAP_OK after rt-guard-flood
SCHEDULER_LITE_PASS fail=0
<stdin>:11: DeprecationWarning: datetime.datetime.utcnow() is deprecated and scheduled for removal in a future version. Use timezone-aware objects to represent datetimes in UTC: datetime.datetime.now(datetime.UTC).
CHECKPOINT P5=PASS
PM2_WRAP after rt-guard-flood
PM2_GUARD_SKIP_RESTART[after-rt-guard-flood] rider-tracker-api (excluded from restart_time check)
PM2_GUARD_OK[after-rt-guard-flood] apps=6
PM2_GUARD_SKIP_RESTART rider-tracker-api base=0 cur=0
PM2_GUARD_OK
PM2_WRAP_OK after rt-guard-flood
ssh_ok phase=P5 out=/opt/elite/src/scripts/oneclick/results/rt-guard-flood-safe-20260901-094409
