[safe-gate] sched_ext=YES kernel=6.19.0-rc7-g9854922412d3-dirty
[safe-gate] swap=YES
[safe-gate] mem_avail=7033MB (>=4096MB)
[safe-gate] load_1m=1.72 (<3.0)
[safe-gate] no_build_jobs=OK
FLOOD_SAFE_GATE_PASS host=##### avail_mb=7033 load=1.72
PM2_WRAP before rt-guard-flood
PM2_GUARD_SKIP_RESTART[before-rt-guard-flood] rider-tracker-api (excluded from restart_time check)
PM2_GUARD_OK[before-rt-guard-flood] apps=6
PM2_GUARD_SKIP_RESTART rider-tracker-api base=0 cur=0
PM2_GUARD_OK
PM2_WRAP_OK before rt-guard-flood
E1=PASS
stress-ng: info:  [1987946] setting to a 20 secs run per stressor
stress-ng: info:  [1987946] dispatching hogs: 2 cpu
stress-ng: info:  [1987946] skipped: 0
stress-ng: info:  [1987946] passed: 2: cpu (2)
stress-ng: info:  [1987946] failed: 0
stress-ng: info:  [1987946] metrics untrustworthy: 0
stress-ng: info:  [1987946] successful run completed in 20.01 secs
E3=PASS
PM2_WRAP after rt-guard-flood
PM2_GUARD_SKIP_RESTART[after-rt-guard-flood] rider-tracker-api (excluded from restart_time check)
PM2_GUARD_OK[after-rt-guard-flood] apps=6
PM2_GUARD_SKIP_RESTART rider-tracker-api base=0 cur=0
PM2_GUARD_OK
PM2_WRAP_OK after rt-guard-flood
E7=PASS PM2 baseline captured
EDGE_LITE_PASS fail=0
<stdin>:11: DeprecationWarning: datetime.datetime.utcnow() is deprecated and scheduled for removal in a future version. Use timezone-aware objects to represent datetimes in UTC: datetime.datetime.now(datetime.UTC).
CHECKPOINT P4=PASS
PM2_WRAP after rt-guard-flood
PM2_GUARD_SKIP_RESTART[after-rt-guard-flood] rider-tracker-api (excluded from restart_time check)
PM2_GUARD_OK[after-rt-guard-flood] apps=6
PM2_GUARD_SKIP_RESTART rider-tracker-api base=0 cur=0
PM2_GUARD_OK
PM2_WRAP_OK after rt-guard-flood
ssh_ok phase=P4 out=/opt/elite/src/scripts/oneclick/results/rt-guard-flood-safe-20260901-094409
