[safe-gate] sched_ext=YES kernel=6.19.0-rc7-scx-dl-g9854922412d3-dirty
[safe-gate] swap=YES
[safe-gate] mem_avail=7565MB (>=4096MB)
[safe-gate] load_1m=0.34 (<3.0)
[safe-gate] no_build_jobs=OK
FLOOD_SAFE_GATE_PASS host=ubuntu-s-4vcpu-8gb-nyc1 avail_mb=7565 load=0.34
phase P1=PASS
phase P2=PASS
phase P3=PASS
phase P4=PASS
phase P5=PASS
EVIDENCE_REPORT_OK /opt/elite/src/scripts/oneclick/results/rt-guard-flood-safe-20260902-061805/EVIDENCE_REPORT.md
GITHUB_COMMENT_OK /opt/elite/src/scripts/oneclick/results/rt-guard-flood-safe-20260902-061805/GITHUB_1202_COMMENT.md
RT_GUARD_FLOOD_PASS fail=0 mode=safe_4vcpu host=ubuntu-s-4vcpu-8gb-nyc1 kernel=6.19.0-rc7-scx-dl-g9854922412d3-dirty
=== scx1202-matrix-verify ===
flood_dir=/opt/elite/src/scripts/oneclick/results/rt-guard-flood-safe-20260902-061805
rt_guard_dir=/opt/elite/src/scripts/oneclick/results/rt-guard-20260901-175213
  H1: PASS — rt_stall EXT>=4%
  H2: PASS — rt_guard_stress 60s soak
  H3: PASS — E1 per-CPU RT
  H4: PASS — E3 multi-CPU RT
  H5: PASS — repro STALL_DETECTED=NO loader=YES
  H6: PASS — E5 lavd 35s
  H7: PASS — 30min endurance
  H8: PASS — E2 SCHED_DEADLINE
  H9: PASS — E4 partial mode
  H10: PASS — negative enq_last
  H11: PASS — healthy minimal scheduler
  H12: PASS — 6/6 PASS_LOADER (5/6+lavd SKIP ok)
SCX1202_MATRIX_PASS=YES fail=0 checks=12/12 host=ubuntu-s-4vcpu-8gb-nyc1
OUR_GOAL_LOG phase=D2_holy_grail result=PASS
AGGREGATE_OK out=/opt/elite/src/scripts/oneclick/results/rt-guard-flood-safe-20260902-061805
