D1_inventory=OK
D2_flood=PASS /opt/elite/src/scripts/oneclick/results/rt-guard-flood-safe-20260831-062351
=== holy-grail-verify ===
flood_dir=/opt/elite/src/scripts/oneclick/results/rt-guard-flood-safe-20260831-062351
rt_guard_dir=/opt/elite/src/scripts/oneclick/results/rt-guard-20260901-065612
  H1: PASS — rt_stall EXT>=4%
  H2: PASS — rt_guard_stress 60s soak
  H3: PASS — E1 per-CPU RT
  H4: PASS — E3 multi-CPU RT
  H5: PASS — repro STALL_DETECTED=NO loader=YES
  H6: PASS — E5 lavd 35s
  H7: PASS — 30min endurance
  H8: PASS — E2 SCHED_DEADLINE
  H9: PASS — E4 partial mode
  H10: PASS — negative enq_last
  H11: PASS — healthy minimal scheduler
  H12: PASS — 6/6 PASS_LOADER (5/6+lavd SKIP ok)
HOLY_GRAIL_1202_SOLVED=YES fail=0 checks=12/12 host=#####
OUR_GOAL_LOG phase=D2_holy_grail result=PASS
D3_telemetry=PASS
D4_xray=PASS
D5_go=PASS
D6_future_holes=PASS
phase P1=PASS
phase P2=PASS
phase P3=PASS
phase P4=PASS
phase P5=PASS
EVIDENCE_REPORT_OK /opt/elite/src/scripts/oneclick/results/rt-guard-flood-safe-20260831-062351/EVIDENCE_REPORT.md
GITHUB_COMMENT_OK /opt/elite/src/scripts/oneclick/results/rt-guard-flood-safe-20260831-062351/GITHUB_1202_COMMENT.md
RT_GUARD_FLOOD_PASS fail=0 mode=safe_4vcpu host=##### kernel=6.19.0-rc7-g9854922412d3-dirty
=== holy-grail-verify ===
flood_dir=/opt/elite/src/scripts/oneclick/results/rt-guard-flood-safe-20260831-062351
rt_guard_dir=/opt/elite/src/scripts/oneclick/results/rt-guard-20260901-065612
  H1: PASS — rt_stall EXT>=4%
  H2: PASS — rt_guard_stress 60s soak
  H3: PASS — E1 per-CPU RT
  H4: PASS — E3 multi-CPU RT
  H5: PASS — repro STALL_DETECTED=NO loader=YES
  H6: PASS — E5 lavd 35s
  H7: PASS — 30min endurance
  H8: PASS — E2 SCHED_DEADLINE
  H9: PASS — E4 partial mode
  H10: PASS — negative enq_last
  H11: PASS — healthy minimal scheduler
  H12: PASS — 6/6 PASS_LOADER (5/6+lavd SKIP ok)
HOLY_GRAIL_1202_SOLVED=YES fail=0 checks=12/12 host=#####
OUR_GOAL_LOG phase=D2_holy_grail result=PASS
AGGREGATE_OK out=/opt/elite/src/scripts/oneclick/results/rt-guard-flood-safe-20260831-062351
EVIDENCE_REPORT_OK /opt/elite/src/scripts/oneclick/results/rt-guard-flood-safe-20260831-062351/EVIDENCE_REPORT.md
GITHUB_COMMENT_OK /opt/elite/src/scripts/oneclick/results/rt-guard-flood-safe-20260831-062351/GITHUB_1202_COMMENT.md
GLOBAL_EBPF_SUMMARY host=##### kernel=6.19.0-rc7-g9854922412d3-dirty
holy_grail=HOLY_GRAIL_1202_SOLVED=YES fail=0 checks=12/12 host=#####
fail=0
OUR_GOAL_LOG phase=GLOBAL result=PASS
